[www.wiselythemes.com/html/lilac/index342d.html]
[backblue.gif]
[fade.gif]
[index.html]
[www.wiselythemes.com/html/lilac/images/fav_touch_icons/favicon.jpg]
[www.wiselythemes.com/html/lilac/images/fav_touch_icons/apple-touch-icon.png]
[www.wiselythemes.com/html/lilac/images/fav_touch_icons/apple-touch-icon-72x72.png]
[www.wiselythemes.com/html/lilac/images/fav_touch_icons/apple-touch-icon-114x114.png]
[www.wiselythemes.com/html/lilac/css/bootstrap.min.css]
[www.wiselythemes.com/html/lilac/css/style.css]
[www.wiselythemes.com/html/lilac/js/modernizr-3.6.0.min.js]
[www.wiselythemes.com/html/lilac/images/logo.png]
[www.wiselythemes.com/html/lilac/index.html]
[www.wiselythemes.com/html/lilac/index-countdown.html]
[www.wiselythemes.com/html/lilac/index-video.html]
[www.wiselythemes.com/html/lilac/blog-single.html]
[www.wiselythemes.com/html/lilac/images/bride.jpg]
[www.wiselythemes.com/html/lilac/images/groom.jpg]
[www.wiselythemes.com/html/lilac/images/first-kiss.jpg]
[www.wiselythemes.com/html/lilac/images/first-vacations1.jpg]
[www.wiselythemes.com/html/lilac/images/first-vacations1-thumb.jpg]
[www.wiselythemes.com/html/lilac/images/first-vacations2.jpg]
[www.wiselythemes.com/html/lilac/images/first-vacations2-thumb.jpg]
[www.wiselythemes.com/html/lilac/images/first-vacations3.jpg]
[www.wiselythemes.com/html/lilac/images/first-vacations3-thumb.jpg]
[www.wiselythemes.com/html/lilac/images/first-vacations4.jpg]
[www.wiselythemes.com/html/lilac/images/first-vacations4-thumb.jpg]
[www.wiselythemes.com/html/lilac/images/first-vacations5.jpg]
[www.wiselythemes.com/html/lilac/images/first-vacations5-thumb.jpg]
[www.wiselythemes.com/html/lilac/images/bridesmaide1.jpg]
[www.wiselythemes.com/html/lilac/images/bridesmaide2.jpg]
[www.wiselythemes.com/html/lilac/images/bridesmaide3.jpg]
[www.wiselythemes.com/html/lilac/images/bridesmaide4.jpg]
[www.wiselythemes.com/html/lilac/images/groomsmen1.jpg]
[www.wiselythemes.com/html/lilac/images/groomsmen2.jpg]
[www.wiselythemes.com/html/lilac/images/groomsmen3.jpg]
[www.wiselythemes.com/html/lilac/images/groomsmen4.jpg]
[www.wiselythemes.com/html/lilac/images/macys.png]
[www.wiselythemes.com/html/lilac/images/target.png]
[www.wiselythemes.com/html/lilac/images/img1.jpg]
[www.wiselythemes.com/html/lilac/images/img1-thumb.jpg]
[www.wiselythemes.com/html/lilac/images/img2.jpg]
[www.wiselythemes.com/html/lilac/images/img2-thumb.jpg]
[www.wiselythemes.com/html/lilac/images/img3.jpg]
[www.wiselythemes.com/html/lilac/images/img3-thumb.jpg]
[www.wiselythemes.com/html/lilac/images/img4.jpg]
[www.wiselythemes.com/html/lilac/images/img4-thumb.jpg]
[www.wiselythemes.com/html/lilac/images/img5.jpg]
[www.wiselythemes.com/html/lilac/images/img5-thumb.jpg]
[www.wiselythemes.com/html/lilac/images/blog-img1.jpg]
[www.wiselythemes.com/html/lilac/images/blog-img2.jpg]
[www.wiselythemes.com/html/lilac/images/blog-img3.jpg]
[www.wiselythemes.com/html/lilac/images/blog-img4.jpg]
[www.wiselythemes.com/html/lilac/js/jquery-3.6.0.min.js]
[www.wiselythemes.com/html/lilac/js/jquery-migrate-3.3.2.min.js]
[www.wiselythemes.com/html/lilac/js/common.js]
[www.wiselythemes.com/html/lilac/twitter/jquery.tweet.min.js]
[www.wiselythemes.com/html/lilac/js/map.markers.js]
[www.wiselythemes.com/html/lilac/js/variables.js]
[www.wiselythemes.com/html/lilac/js/scripts.js]
[www.wiselythemes.com/html/lilac/js/slideshow/supersized.js]
[www.google-analytics.com/analytics.js]
[www.wiselythemes.com/html/lilac/js/slideshow/slideshow.js]
[www.googleadservices.com/pagead/f.txt]
[www.wiselythemes.com/html/lilac/index342d.html]
[www.wiselythemes.com/html/lilac/fonts/glyphicons-halflings-regular.eot]
[www.wiselythemes.com/html/lilac/fonts/glyphicons-halflings-regulard41d.eot]
[www.wiselythemes.com/html/lilac/fonts/glyphicons-halflings-regular.woff2]
[www.wiselythemes.com/html/lilac/fonts/glyphicons-halflings-regular.woff]
[www.wiselythemes.com/html/lilac/fonts/glyphicons-halflings-regular.ttf]
[www.wiselythemes.com/html/lilac/css/bootstrap.min.css]
[www.wiselythemes.com/html/lilac/fonts/glyphicons-halflings-regular.svg]
[www.wiselythemes.com/html/lilac/css/font-awesome.min.css]
[www.wiselythemes.com/html/lilac/css/lilac.css]
[www.wiselythemes.com/html/lilac/css/owl.carousel.min.css]
[www.wiselythemes.com/html/lilac/css/grabbing.png]
[www.wiselythemes.com/html/lilac/css/AjaxLoader.gif]
[www.wiselythemes.com/html/lilac/images/pattern.png]
[www.wiselythemes.com/html/lilac/images/divider_1.png]
[www.wiselythemes.com/html/lilac/images/divider_2.png]
[www.wiselythemes.com/html/lilac/images/divider_3.png]
[www.wiselythemes.com/html/lilac/images/divider_4.png]
[www.wiselythemes.com/html/lilac/images/divider_5.png]
[www.wiselythemes.com/html/lilac/images/progress.gif]
[www.wiselythemes.com/html/lilac/images/quote-img.jpg]
[www.wiselythemes.com/html/lilac/images/wedding-img.jpg]
[www.wiselythemes.com/html/lilac/images/wedding-gift1.jpg]
[www.wiselythemes.com/html/lilac/images/wedding-gift2.jpg]
[www.wiselythemes.com/html/lilac/images/wedding-gift3.jpg]
[www.wiselythemes.com/html/lilac/images/img-gallery.jpg]
[www.wiselythemes.com/html/lilac/images/divider_2_mobile.png]
[www.wiselythemes.com/html/lilac/images/divider_5_mobile.png]
[www.wiselythemes.com/html/lilac/images/divider_1@2x.png]
[www.wiselythemes.com/html/lilac/images/divider_2@2x.png]
[www.wiselythemes.com/html/lilac/images/divider_5@2x.png]
[www.wiselythemes.com/html/lilac/css/style.css]
[www.wiselythemes.com/html/lilac/index.html]
[www.wiselythemes.com/html/lilac/images/hero-grid1.jpg]
[www.wiselythemes.com/html/lilac/images/hero-grid2.jpg]
[www.wiselythemes.com/html/lilac/images/hero-grid3.jpg]
[www.wiselythemes.com/html/lilac/images/hero-grid9.jpg]
[www.wiselythemes.com/html/lilac/images/hero-grid5.jpg]
[www.wiselythemes.com/html/lilac/images/hero-grid6.jpg]
[www.wiselythemes.com/html/lilac/images/hero-grid7.jpg]
[www.wiselythemes.com/html/lilac/images/hero-grid8.jpg]
[www.wiselythemes.com/html/lilac/images/hero-grid4.jpg]
[www.wiselythemes.com/html/lilac/images/hero-grid10.jpg]
[www.wiselythemes.com/html/lilac/images/hero-img3.jpg]
[www.wiselythemes.com/html/lilac/images/blog-detail2.jpg]
[www.wiselythemes.com/html/lilac/images/hero-img2.jpg]
[www.wiselythemes.com/html/lilac/index-countdown.html]
[www.wiselythemes.com/html/lilac/js/freewall.js]
[www.wiselythemes.com/html/lilac/images/landscape.mp4]
[www.wiselythemes.com/html/lilac/index-video.html]
[www.wiselythemes.com/html/lilac/images/blog-img-detail.jpg]
[www.wiselythemes.com/html/lilac/images/blog-detail1.jpg]
[www.wiselythemes.com/html/lilac/images/avatar1.png]
[www.wiselythemes.com/html/lilac/images/avatar2.png]
[www.wiselythemes.com/html/lilac/images/avatar3.png]
[www.wiselythemes.com/html/lilac/blog-single.html]
[www.wiselythemes.com/html/lilac/fonts/glyphicons-halflings-regular.svg]
[www.wiselythemes.com/html/lilac/fonts/fontawesome-webfonte0a5.eot]
[www.wiselythemes.com/html/lilac/fonts/fontawesome-webfonte0a5.woff2]
[www.wiselythemes.com/html/lilac/fonts/fontawesome-webfontd41d.eot]
[www.wiselythemes.com/html/lilac/fonts/fontawesome-webfonte0a5.woff]
[www.wiselythemes.com/html/lilac/fonts/fontawesome-webfonte0a5.ttf]
[www.wiselythemes.com/html/lilac/css/font-awesome.min.css]
[www.wiselythemes.com/html/lilac/fonts/fontawesome-webfonte0a5.svg]
[www.wiselythemes.com/html/lilac/fonts/lilac.eot]
[www.wiselythemes.com/html/lilac/fonts/lilacd41d.eot]
[www.wiselythemes.com/html/lilac/fonts/lilac.woff]
[www.wiselythemes.com/html/lilac/fonts/lilac.ttf]
[www.wiselythemes.com/html/lilac/css/lilac.css]
[www.wiselythemes.com/html/lilac/fonts/lilac.svg]
[www.wiselythemes.com/html/lilac/css/owl.video.play.png]
[www.wiselythemes.com/html/lilac/css/owl.carousel.min.css]
[www.wiselythemes.com/html/lilac/css/grabbing.html]
[www.wiselythemes.com/html/lilac/css/AjaxLoader.html]
[www.wiselythemes.com/html/lilac/images/divider_2_mobile.html]
[www.wiselythemes.com/html/lilac/images/divider_5_mobile.html]
[pinterest.com/pin/create/button/index827e.html]
[www.wiselythemes.com/html/lilac/fonts/fontawesome-webfonte0a5.svg]
[www.wiselythemes.com/html/lilac/fonts/lilac.svg]
[www.wiselythemes.com/html/lilac/css/owl.video.play.html]
[pinterest.com/pin/create/button/index83ce.html]
